* ------------------------------------------------------------------------------
* Results from the TOXSWA model  (c) Alterra
* FOCUS  TOXSWA version   : 4
* TOXSWA model version    : 3.3.4
* TOXSWA created on       : 02-Apr-2015
* 
* Working directory       : C:\Swashprojects\substance\TOXSWA
* Run ID                  : 127
* Input file generated on : 11-05-2020
* ------------------------------------------------------------------------------
* 
    0.000                              Z
    0.000                              X    0.500000E+01   0.150000E+02   0.250000E+02   0.350000E+02   0.450000E+02   0.550000E+02   0.650000E+02   0.750000E+02   0.850000E+02   0.950000E+02
* Option PrintCumulatives was set to false
* Unit for QBou is (m3.s-1)
    0.000  01-Jan-1992       QBou    0.427400E-03   0.447600E-03   0.467900E-03   0.488100E-03   0.508400E-03   0.528600E-03   0.548800E-03   0.569100E-03   0.589300E-03   0.609500E-03
* Unit for DepWat is (m)
    0.000  01-Jan-1992       DepWat    0.306200E+00   0.306200E+00   0.306200E+00   0.306200E+00   0.306200E+00   0.306200E+00   0.306200E+00   0.306200E+00   0.306200E+00   0.306200E+00
* Unit for VvrLiqDra is (m.hr-1)
    0.000  01-Jan-1992       VvrLiqDra    0.778465E-08   0.778465E-08   0.778465E-08   0.778465E-08   0.778465E-08   0.778465E-08   0.778465E-08   0.778465E-08   0.778465E-08   0.778465E-08
* Unit for VvrLiqRnf is (m.hr-1)
    0.000  01-Jan-1992       VvrLiqRnf    0.000000E+00   0.000000E+00   0.000000E+00   0.000000E+00   0.000000E+00   0.000000E+00   0.000000E+00   0.000000E+00   0.000000E+00   0.000000E+00
* Unit for FlmDra is (g.m-2.hr-1)
* Unit for FlmRnf is (g.m-2.hr-1)
* Unit for FlmErs is (g.m-2.hr-1)
* Unit for ConLiqWatLay is (g.m-3)
* Unit for ConLiqWatLayCur is (g.m-3)
    0.000  01-Jan-1992       ConLiqWatLayCur_substance    0.000000E+00   0.000000E+00   0.000000E+00   0.000000E+00   0.000000E+00   0.000000E+00   0.000000E+00   0.000000E+00   0.000000E+00   0.000000E+00
    0.000  01-Jan-1992       ConLiqWatLayCur_metabolite    0.000000E+00   0.000000E+00   0.000000E+00   0.000000E+00   0.000000E+00   0.000000E+00   0.000000E+00   0.000000E+00   0.000000E+00   0.000000E+00
* Unit for ConSysSed is (g.m-3)
* Unit for CntSedTgt is (g.kg-1)
* Unit for AmaWatLay is (g)
* Unit for AmaLiqWatLay is (g)
* Unit for AmaSorSusSol is (g)
* Unit for AmaSorMph is (g)
* Unit for AmaSed is (g)
* Unit for AmaLiqSed is (g)
* Unit for AmaSorSed is (g)
* Unit for AmaTraWatLay is (g)
* Unit for AmaVolWatLay is (g)
* Unit for AmaForWatLay is (g)
* Unit for AmaSedInWatLay is (g)
* Unit for AmaSedOutWatLay is (g)
* Unit for AmaDwnWatLay is (g)
* Unit for AmaUpsWatLay is (g)
* Unit for AmaDrfWatLay is (g)
* Unit for AmaDraWatLay is (g)
* Unit for AmaRnoWatLay is (g)
* Unit for AmaTraSed is (g)
* Unit for AmaForSed is (g)
* Unit for AmaWatLayInSed is (g)
* Unit for AmaWatLayOutSed is (g)
* Unit for AmaDwnSed is (g)
* Unit for AmaErsSed is (g)
    0.021  01-Jan-1992-00h30 QBou    0.427400E-03   0.447640E-03   0.467880E-03   0.488110E-03   0.508350E-03   0.528590E-03   0.548830E-03   0.569060E-03   0.589300E-03   0.609540E-03
    0.021  01-Jan-1992-00h30 DepWat    0.306160E+00   0.306160E+00   0.306160E+00   0.306160E+00   0.306160E+00   0.306160E+00   0.306160E+00   0.306160E+00   0.306160E+00   0.306160E+00
    0.021  01-Jan-1992-00h30 VvrLiqDra    0.728498E-04   0.728498E-04   0.728498E-04   0.728498E-04   0.728498E-04   0.728498E-04   0.728498E-04   0.728498E-04   0.728498E-04   0.728498E-04
    0.021  01-Jan-1992-00h30 VvrLiqRnf    0.000000E+00   0.000000E+00   0.000000E+00   0.000000E+00   0.000000E+00   0.000000E+00   0.000000E+00   0.000000E+00   0.000000E+00   0.000000E+00
    0.021  01-Jan-1992-00h30 FlmDra_substance    0.000000E+00   0.000000E+00   0.000000E+00   0.000000E+00   0.000000E+00   0.000000E+00   0.000000E+00   0.000000E+00   0.000000E+00   0.000000E+00
    0.021  01-Jan-1992-00h30 FlmDra_metabolite    0.000000E+00   0.000000E+00   0.000000E+00   0.000000E+00   0.000000E+00   0.000000E+00   0.000000E+00   0.000000E+00   0.000000E+00   0.000000E+00
    0.021  01-Jan-1992-00h30 FlmRnf_substance    0.000000E+00   0.000000E+00   0.000000E+00   0.000000E+00   0.000000E+00   0.000000E+00   0.000000E+00   0.000000E+00   0.000000E+00   0.000000E+00
    0.021  01-Jan-1992-00h30 FlmRnf_metabolite    0.000000E+00   0.000000E+00   0.000000E+00   0.000000E+00   0.000000E+00   0.000000E+00   0.000000E+00   0.000000E+00   0.000000E+00   0.000000E+00
    0.021  01-Jan-1992-00h30 FlmErs_substance    0.000000E+00   0.000000E+00   0.000000E+00   0.000000E+00   0.000000E+00   0.000000E+00   0.000000E+00   0.000000E+00   0.000000E+00   0.000000E+00
    0.021  01-Jan-1992-00h30 FlmErs_metabolite    0.000000E+00   0.000000E+00   0.000000E+00   0.000000E+00   0.000000E+00   0.000000E+00   0.000000E+00   0.000000E+00   0.000000E+00   0.000000E+00
    0.021  01-Jan-1992-00h30 ConLiqWatLay_substance    1.000000E+00   0.000000E+00   0.000000E+00   0.000000E+00   0.000000E+00   0.000000E+00   0.000000E+00   0.000000E+00   0.000000E+00   2.000000E+00
    0.021  01-Jan-1992-00h30 ConLiqWatLay_metabolite    3.000000E+00   0.000000E+00   0.000000E+00   0.000000E+00   0.000000E+00   0.000000E+00   0.000000E+00   0.000000E+00   0.000000E+00   4.000000E+00
    0.042  01-Jan-1992-01h00 ConLiqWatLayCur_substance    0.000000E+00   0.000000E+00   0.000000E+00   0.000000E+00   0.000000E+00   0.000000E+00   0.000000E+00   0.000000E+00   0.000000E+00   0.000000E+00
    0.042  01-Jan-1992-01h00 ConLiqWatLayCur_metabolite    0.000000E+00   0.000000E+00   0.000000E+00   0.000000E+00   0.000000E+00   0.000000E+00   0.000000E+00   0.000000E+00   0.000000E+00   0.000000E+00
    0.021  01-Jan-1992-00h30 ConSysSed_substance    1
    0.021  01-Jan-1992-00h30 ConSysSed_substance    2
    0.021  01-Jan-1992-00h30 ConSysSed_substance    3
    0.021  01-Jan-1992-00h30 ConSysSed_substance    4
    0.021  01-Jan-1992-00h30 ConSysSed_substance    5
    0.021  01-Jan-1992-00h30 ConSysSed_substance    6
    0.021  01-Jan-1992-00h30 ConSysSed_substance    7
    0.021  01-Jan-1992-00h30 ConSysSed_substance    8
    0.021  01-Jan-1992-00h30 ConSysSed_substance    9
    0.021  01-Jan-1992-00h30 ConSysSed_substance   10
    0.021  01-Jan-1992-00h30 ConSysSed_metabolite    1
    0.021  01-Jan-1992-00h30 ConSysSed_metabolite    2
    0.021  01-Jan-1992-00h30 ConSysSed_metabolite    3
    0.021  01-Jan-1992-00h30 ConSysSed_metabolite    4
    0.021  01-Jan-1992-00h30 ConSysSed_metabolite    5
    0.021  01-Jan-1992-00h30 ConSysSed_metabolite    6
    0.021  01-Jan-1992-00h30 ConSysSed_metabolite    7
    0.021  01-Jan-1992-00h30 ConSysSed_metabolite    8
    0.021  01-Jan-1992-00h30 ConSysSed_metabolite    9
    0.021  01-Jan-1992-00h30 ConSysSed_metabolite   10
    0.021  01-Jan-1992-00h30 CntSedTgt_substance    0.000000E+00   0.000000E+00   0.000000E+00   0.000000E+00   0.000000E+00   0.000000E+00   0.000000E+00   0.000000E+00   0.000000E+00   0.000000E+00
    0.021  01-Jan-1992-00h30 CntSedTgt_metabolite    0.000000E+00   0.000000E+00   0.000000E+00   0.000000E+00   0.000000E+00   0.000000E+00   0.000000E+00   0.000000E+00   0.000000E+00   0.000000E+00
    0.021  01-Jan-1992-00h30 AmaWatLay_substance   0.000000E+00
    0.021  01-Jan-1992-00h30 AmaWatLay_metabolite   0.000000E+00
    0.021  01-Jan-1992-00h30 AmaLiqWatLay_substance   0.000000E+00
    0.021  01-Jan-1992-00h30 AmaLiqWatLay_metabolite   0.000000E+00
    0.021  01-Jan-1992-00h30 AmaSorSusSol_substance   0.000000E+00
    0.021  01-Jan-1992-00h30 AmaSorSusSol_metabolite   0.000000E+00
    0.021  01-Jan-1992-00h30 AmaSorMph_substance   0.000000E+00
    0.021  01-Jan-1992-00h30 AmaSorMph_metabolite   0.000000E+00
    0.021  01-Jan-1992-00h30 AmaSed_substance   0.000000E+00
    0.021  01-Jan-1992-00h30 AmaSed_metabolite   0.000000E+00
    0.021  01-Jan-1992-00h30 AmaLiqSed_substance   0.000000E+00
    0.021  01-Jan-1992-00h30 AmaLiqSed_metabolite   0.000000E+00
    0.021  01-Jan-1992-00h30 AmaSorSed_substance   0.000000E+00
    0.021  01-Jan-1992-00h30 AmaSorSed_metabolite   0.000000E+00
    0.021  01-Jan-1992-00h30 AmaTraWatLay_substance   0.000000E+00
    0.021  01-Jan-1992-00h30 AmaTraWatLay_metabolite   0.000000E+00
    0.021  01-Jan-1992-00h30 AmaVolWatLay_substance   0.000000E+00
    0.021  01-Jan-1992-00h30 AmaVolWatLay_metabolite   0.000000E+00
    0.021  01-Jan-1992-00h30 AmaForWatLay_substance   0.000000E+00
    0.021  01-Jan-1992-00h30 AmaForWatLay_metabolite   0.000000E+00
    0.021  01-Jan-1992-00h30 AmaSedInWatLay_substance   0.000000E+00
    0.021  01-Jan-1992-00h30 AmaSedInWatLay_metabolite   0.000000E+00
    0.021  01-Jan-1992-00h30 AmaSedOutWatLay_substance   0.000000E+00
    0.021  01-Jan-1992-00h30 AmaSedOutWatLay_metabolite   0.000000E+00
    0.021  01-Jan-1992-00h30 AmaDwnWatLay_substance   0.000000E+00
    0.021  01-Jan-1992-00h30 AmaDwnWatLay_metabolite   0.000000E+00
    0.021  01-Jan-1992-00h30 AmaUpsWatLay_substance   0.000000E+00
    0.021  01-Jan-1992-00h30 AmaUpsWatLay_metabolite   0.000000E+00
    0.021  01-Jan-1992-00h30 AmaDrfWatLay_substance   0.000000E+00
    0.021  01-Jan-1992-00h30 AmaDrfWatLay_metabolite   0.000000E+00
    0.021  01-Jan-1992-00h30 AmaDraWatLay_substance   0.000000E+00
    0.021  01-Jan-1992-00h30 AmaDraWatLay_metabolite   0.000000E+00
    0.021  01-Jan-1992-00h30 AmaRnoWatLay_substance   0.000000E+00
    0.021  01-Jan-1992-00h30 AmaRnoWatLay_metabolite   0.000000E+00
    0.021  01-Jan-1992-00h30 AmaTraSed_substance   0.000000E+00
    0.021  01-Jan-1992-00h30 AmaTraSed_metabolite   0.000000E+00
    0.021  01-Jan-1992-00h30 AmaForSed_substance   0.000000E+00
    0.021  01-Jan-1992-00h30 AmaForSed_metabolite   0.000000E+00
    0.021  01-Jan-1992-00h30 AmaWatLayInSed_substance   0.000000E+00
    0.021  01-Jan-1992-00h30 AmaWatLayInSed_metabolite   0.000000E+00
    0.021  01-Jan-1992-00h30 AmaWatLayOutSed_substance   0.000000E+00
    0.021  01-Jan-1992-00h30 AmaWatLayOutSed_metabolite   0.000000E+00
    0.021  01-Jan-1992-00h30 AmaDwnSed_substance   0.000000E+00
    0.021  01-Jan-1992-00h30 AmaDwnSed_metabolite   0.000000E+00
    0.021  01-Jan-1992-00h30 AmaErsSed_substance   0.000000E+00
    0.021  01-Jan-1992-00h30 AmaErsSed_metabolite   0.000000E+00
    0.062  01-Jan-1992-01h30 QBou    0.427880E-03   0.448130E-03   0.468380E-03   0.488630E-03   0.508870E-03   0.529120E-03   0.549370E-03   0.569610E-03   0.589860E-03   0.610110E-03
    0.062  01-Jan-1992-01h30 DepWat    0.306160E+00   0.306160E+00   0.306160E+00   0.306160E+00   0.306160E+00   0.306160E+00   0.306160E+00   0.306160E+00   0.306160E+00   0.306160E+00
    0.062  01-Jan-1992-01h30 VvrLiqDra    0.729342E-04   0.729342E-04   0.729342E-04   0.729342E-04   0.729342E-04   0.729342E-04   0.729342E-04   0.729342E-04   0.729342E-04   0.729342E-04
    0.062  01-Jan-1992-01h30 VvrLiqRnf    0.000000E+00   0.000000E+00   0.000000E+00   0.000000E+00   0.000000E+00   0.000000E+00   0.000000E+00   0.000000E+00   0.000000E+00   0.000000E+00
    0.062  01-Jan-1992-01h30 FlmDra_substance    0.000000E+00   0.000000E+00   0.000000E+00   0.000000E+00   0.000000E+00   0.000000E+00   0.000000E+00   0.000000E+00   0.000000E+00   0.000000E+00
    0.062  01-Jan-1992-01h30 FlmDra_metabolite    0.000000E+00   0.000000E+00   0.000000E+00   0.000000E+00   0.000000E+00   0.000000E+00   0.000000E+00   0.000000E+00   0.000000E+00   0.000000E+00
    0.062  01-Jan-1992-01h30 FlmRnf_substance    0.000000E+00   0.000000E+00   0.000000E+00   0.000000E+00   0.000000E+00   0.000000E+00   0.000000E+00   0.000000E+00   0.000000E+00   0.000000E+00
    0.062  01-Jan-1992-01h30 FlmRnf_metabolite    0.000000E+00   0.000000E+00   0.000000E+00   0.000000E+00   0.000000E+00   0.000000E+00   0.000000E+00   0.000000E+00   0.000000E+00   0.000000E+00
    0.062  01-Jan-1992-01h30 FlmErs_substance    0.000000E+00   0.000000E+00   0.000000E+00   0.000000E+00   0.000000E+00   0.000000E+00   0.000000E+00   0.000000E+00   0.000000E+00   0.000000E+00
    0.062  01-Jan-1992-01h30 FlmErs_metabolite    0.000000E+00   0.000000E+00   0.000000E+00   0.000000E+00   0.000000E+00   0.000000E+00   0.000000E+00   0.000000E+00   0.000000E+00   0.000000E+00
    0.062  01-Jan-1992-01h30 ConLiqWatLay_substance    0.000000E+00   0.000000E+00   0.000000E+00   0.000000E+00   0.000000E+00   0.000000E+00   0.000000E+00   0.000000E+00   0.000000E+00   0.000000E+00
    0.062  01-Jan-1992-01h30 ConLiqWatLay_metabolite    0.000000E+00   0.000000E+00   0.000000E+00   0.000000E+00   0.000000E+00   0.000000E+00   0.000000E+00   0.000000E+00   0.000000E+00   0.000000E+00
    0.083  01-Jan-1992-02h00 ConLiqWatLayCur_substance    0.000000E+00   0.000000E+00   0.000000E+00   0.000000E+00   0.000000E+00   0.000000E+00   0.000000E+00   0.000000E+00   0.000000E+00   0.000000E+00
    0.083  01-Jan-1992-02h00 ConLiqWatLayCur_metabolite    0.000000E+00   0.000000E+00   0.000000E+00   0.000000E+00   0.000000E+00   0.000000E+00   0.000000E+00   0.000000E+00   0.000000E+00   0.000000E+00
    0.062  01-Jan-1992-01h30 ConSysSed_substance    1
    0.062  01-Jan-1992-01h30 ConSysSed_substance    2
    0.062  01-Jan-1992-01h30 ConSysSed_substance    3
    0.062  01-Jan-1992-01h30 ConSysSed_substance    4
    0.062  01-Jan-1992-01h30 ConSysSed_substance    5
    0.062  01-Jan-1992-01h30 ConSysSed_substance    6
    0.062  01-Jan-1992-01h30 ConSysSed_substance    7
    0.062  01-Jan-1992-01h30 ConSysSed_substance    8
    0.062  01-Jan-1992-01h30 ConSysSed_substance    9
    0.062  01-Jan-1992-01h30 ConSysSed_substance   10
    0.062  01-Jan-1992-01h30 ConSysSed_metabolite    1
    0.062  01-Jan-1992-01h30 ConSysSed_metabolite    2
    0.062  01-Jan-1992-01h30 ConSysSed_metabolite    3
    0.062  01-Jan-1992-01h30 ConSysSed_metabolite    4
    0.062  01-Jan-1992-01h30 ConSysSed_metabolite    5
    0.062  01-Jan-1992-01h30 ConSysSed_metabolite    6
    0.062  01-Jan-1992-01h30 ConSysSed_metabolite    7
    0.062  01-Jan-1992-01h30 ConSysSed_metabolite    8
    0.062  01-Jan-1992-01h30 ConSysSed_metabolite    9
    0.062  01-Jan-1992-01h30 ConSysSed_metabolite   10
    0.062  01-Jan-1992-01h30 CntSedTgt_substance    0.000000E+00   0.000000E+00   0.000000E+00   0.000000E+00   0.000000E+00   0.000000E+00   0.000000E+00   0.000000E+00   0.000000E+00   0.000000E+00
    0.062  01-Jan-1992-01h30 CntSedTgt_metabolite    0.000000E+00   0.000000E+00   0.000000E+00   0.000000E+00   0.000000E+00   0.000000E+00   0.000000E+00   0.000000E+00   0.000000E+00   0.000000E+00
    0.062  01-Jan-1992-01h30 AmaWatLay_substance   0.000000E+00
    0.062  01-Jan-1992-01h30 AmaWatLay_metabolite   0.000000E+00
    0.062  01-Jan-1992-01h30 AmaLiqWatLay_substance   0.000000E+00
    0.062  01-Jan-1992-01h30 AmaLiqWatLay_metabolite   0.000000E+00
    0.062  01-Jan-1992-01h30 AmaSorSusSol_substance   0.000000E+00
    0.062  01-Jan-1992-01h30 AmaSorSusSol_metabolite   0.000000E+00
    0.062  01-Jan-1992-01h30 AmaSorMph_substance   0.000000E+00
    0.062  01-Jan-1992-01h30 AmaSorMph_metabolite   0.000000E+00
    0.062  01-Jan-1992-01h30 AmaSed_substance   0.000000E+00
    0.062  01-Jan-1992-01h30 AmaSed_metabolite   0.000000E+00
    0.062  01-Jan-1992-01h30 AmaLiqSed_substance   0.000000E+00
    0.062  01-Jan-1992-01h30 AmaLiqSed_metabolite   0.000000E+00
    0.062  01-Jan-1992-01h30 AmaSorSed_substance   0.000000E+00
    0.062  01-Jan-1992-01h30 AmaSorSed_metabolite   0.000000E+00
    0.062  01-Jan-1992-01h30 AmaTraWatLay_substance   0.000000E+00
    0.062  01-Jan-1992-01h30 AmaTraWatLay_metabolite   0.000000E+00
    0.062  01-Jan-1992-01h30 AmaVolWatLay_substance   0.000000E+00
    0.062  01-Jan-1992-01h30 AmaVolWatLay_metabolite   0.000000E+00
    0.062  01-Jan-1992-01h30 AmaForWatLay_substance   0.000000E+00
    0.062  01-Jan-1992-01h30 AmaForWatLay_metabolite   0.000000E+00
    0.062  01-Jan-1992-01h30 AmaSedInWatLay_substance   0.000000E+00
    0.062  01-Jan-1992-01h30 AmaSedInWatLay_metabolite   0.000000E+00
    0.062  01-Jan-1992-01h30 AmaSedOutWatLay_substance   0.000000E+00
    0.062  01-Jan-1992-01h30 AmaSedOutWatLay_metabolite   0.000000E+00
    0.062  01-Jan-1992-01h30 AmaDwnWatLay_substance   0.000000E+00
    0.062  01-Jan-1992-01h30 AmaDwnWatLay_metabolite   0.000000E+00
    0.062  01-Jan-1992-01h30 AmaUpsWatLay_substance   0.000000E+00
    0.062  01-Jan-1992-01h30 AmaUpsWatLay_metabolite   0.000000E+00
    0.062  01-Jan-1992-01h30 AmaDrfWatLay_substance   0.000000E+00
    0.062  01-Jan-1992-01h30 AmaDrfWatLay_metabolite   0.000000E+00
    0.062  01-Jan-1992-01h30 AmaDraWatLay_substance   0.000000E+00
    0.062  01-Jan-1992-01h30 AmaDraWatLay_metabolite   0.000000E+00
    0.062  01-Jan-1992-01h30 AmaRnoWatLay_substance   0.000000E+00
    0.062  01-Jan-1992-01h30 AmaRnoWatLay_metabolite   0.000000E+00
    0.062  01-Jan-1992-01h30 AmaTraSed_substance   0.000000E+00
    0.062  01-Jan-1992-01h30 AmaTraSed_metabolite   0.000000E+00
    0.062  01-Jan-1992-01h30 AmaForSed_substance   0.000000E+00
    0.062  01-Jan-1992-01h30 AmaForSed_metabolite   0.000000E+00
    0.062  01-Jan-1992-01h30 AmaWatLayInSed_substance   0.000000E+00
    0.062  01-Jan-1992-01h30 AmaWatLayInSed_metabolite   0.000000E+00
    0.062  01-Jan-1992-01h30 AmaWatLayOutSed_substance   0.000000E+00
    0.062  01-Jan-1992-01h30 AmaWatLayOutSed_metabolite   0.000000E+00
    0.062  01-Jan-1992-01h30 AmaDwnSed_substance   0.000000E+00
    0.062  01-Jan-1992-01h30 AmaDwnSed_metabolite   0.000000E+00
    0.062  01-Jan-1992-01h30 AmaErsSed_substance   0.000000E+00
    0.062  01-Jan-1992-01h30 AmaErsSed_metabolite   0.000000E+00
    0.104  01-Jan-1992-02h30 QBou    0.428760E-03   0.449040E-03   0.469320E-03   0.489590E-03   0.509870E-03   0.530150E-03   0.550430E-03   0.570710E-03   0.590990E-03   0.611270E-03
    0.104  01-Jan-1992-02h30 DepWat    0.306170E+00   0.306170E+00   0.306170E+00   0.306170E+00   0.306170E+00   0.306170E+00   0.306170E+00   0.306170E+00   0.306170E+00   0.306170E+00
    0.104  01-Jan-1992-02h30 VvrLiqDra    0.730856E-04   0.730856E-04   0.730856E-04   0.730856E-04   0.730856E-04   0.730856E-04   0.730856E-04   0.730856E-04   0.730856E-04   0.730856E-04
    0.104  01-Jan-1992-02h30 VvrLiqRnf    0.000000E+00   0.000000E+00   0.000000E+00   0.000000E+00   0.000000E+00   0.000000E+00   0.000000E+00   0.000000E+00   0.000000E+00   0.000000E+00
    0.104  01-Jan-1992-02h30 FlmDra_substance    0.000000E+00   0.000000E+00   0.000000E+00   0.000000E+00   0.000000E+00   0.000000E+00   0.000000E+00   0.000000E+00   0.000000E+00   0.000000E+00
    0.104  01-Jan-1992-02h30 FlmDra_metabolite    0.000000E+00   0.000000E+00   0.000000E+00   0.000000E+00   0.000000E+00   0.000000E+00   0.000000E+00   0.000000E+00   0.000000E+00   0.000000E+00
    0.104  01-Jan-1992-02h30 FlmRnf_substance    0.000000E+00   0.000000E+00   0.000000E+00   0.000000E+00   0.000000E+00   0.000000E+00   0.000000E+00   0.000000E+00   0.000000E+00   0.000000E+00
    0.104  01-Jan-1992-02h30 FlmRnf_metabolite    0.000000E+00   0.000000E+00   0.000000E+00   0.000000E+00   0.000000E+00   0.000000E+00   0.000000E+00   0.000000E+00   0.000000E+00   0.000000E+00
    0.104  01-Jan-1992-02h30 FlmErs_substance    0.000000E+00   0.000000E+00   0.000000E+00   0.000000E+00   0.000000E+00   0.000000E+00   0.000000E+00   0.000000E+00   0.000000E+00   0.000000E+00
    0.104  01-Jan-1992-02h30 FlmErs_metabolite    0.000000E+00   0.000000E+00   0.000000E+00   0.000000E+00   0.000000E+00   0.000000E+00   0.000000E+00   0.000000E+00   0.000000E+00   0.000000E+00
    0.104  01-Jan-1992-02h30 ConLiqWatLay_substance    0.000000E+00   0.000000E+00   0.000000E+00   0.000000E+00   0.000000E+00   0.000000E+00   0.000000E+00   0.000000E+00   0.000000E+00   0.000000E+00
    0.104  01-Jan-1992-02h30 ConLiqWatLay_metabolite    0.000000E+00   0.000000E+00   0.000000E+00   0.000000E+00   0.000000E+00   0.000000E+00   0.000000E+00   0.000000E+00   0.000000E+00   0.000000E+00
    0.125  01-Jan-1992-03h00 ConLiqWatLayCur_substance    0.000000E+00   0.000000E+00   0.000000E+00   0.000000E+00   0.000000E+00   0.000000E+00   0.000000E+00   0.000000E+00   0.000000E+00   0.000000E+00
    0.125  01-Jan-1992-03h00 ConLiqWatLayCur_metabolite    0.000000E+00   0.000000E+00   0.000000E+00   0.000000E+00   0.000000E+00   0.000000E+00   0.000000E+00   0.000000E+00   0.000000E+00   0.000000E+00
    0.104  01-Jan-1992-02h30 ConSysSed_substance    1
    0.104  01-Jan-1992-02h30 ConSysSed_substance    2
    0.104  01-Jan-1992-02h30 ConSysSed_substance    3
    0.104  01-Jan-1992-02h30 ConSysSed_substance    4
    0.104  01-Jan-1992-02h30 ConSysSed_substance    5
    0.104  01-Jan-1992-02h30 ConSysSed_substance    6
    0.104  01-Jan-1992-02h30 ConSysSed_substance    7
    0.104  01-Jan-1992-02h30 ConSysSed_substance    8
    0.104  01-Jan-1992-02h30 ConSysSed_substance    9
    0.104  01-Jan-1992-02h30 ConSysSed_substance   10
    0.104  01-Jan-1992-02h30 ConSysSed_metabolite    1
    0.104  01-Jan-1992-02h30 ConSysSed_metabolite    2
    0.104  01-Jan-1992-02h30 ConSysSed_metabolite    3
    0.104  01-Jan-1992-02h30 ConSysSed_metabolite    4
    0.104  01-Jan-1992-02h30 ConSysSed_metabolite    5
    0.104  01-Jan-1992-02h30 ConSysSed_metabolite    6
    0.104  01-Jan-1992-02h30 ConSysSed_metabolite    7
    0.104  01-Jan-1992-02h30 ConSysSed_metabolite    8
    0.104  01-Jan-1992-02h30 ConSysSed_metabolite    9
    0.104  01-Jan-1992-02h30 ConSysSed_metabolite   10
    0.104  01-Jan-1992-02h30 CntSedTgt_substance    0.000000E+00   0.000000E+00   0.000000E+00   0.000000E+00   0.000000E+00   0.000000E+00   0.000000E+00   0.000000E+00   0.000000E+00   0.000000E+00
    0.104  01-Jan-1992-02h30 CntSedTgt_metabolite    0.000000E+00   0.000000E+00   0.000000E+00   0.000000E+00   0.000000E+00   0.000000E+00   0.000000E+00   0.000000E+00   0.000000E+00   0.000000E+00
    0.104  01-Jan-1992-02h30 AmaWatLay_substance   0.000000E+00
    0.104  01-Jan-1992-02h30 AmaWatLay_metabolite   0.000000E+00
    0.104  01-Jan-1992-02h30 AmaLiqWatLay_substance   0.000000E+00
    0.104  01-Jan-1992-02h30 AmaLiqWatLay_metabolite   0.000000E+00
    0.104  01-Jan-1992-02h30 AmaSorSusSol_substance   0.000000E+00
    0.104  01-Jan-1992-02h30 AmaSorSusSol_metabolite   0.000000E+00
    0.104  01-Jan-1992-02h30 AmaSorMph_substance   0.000000E+00
    0.104  01-Jan-1992-02h30 AmaSorMph_metabolite   0.000000E+00
    0.104  01-Jan-1992-02h30 AmaSed_substance   0.000000E+00
    0.104  01-Jan-1992-02h30 AmaSed_metabolite   0.000000E+00
    0.104  01-Jan-1992-02h30 AmaLiqSed_substance   0.000000E+00
    0.104  01-Jan-1992-02h30 AmaLiqSed_metabolite   0.000000E+00
    0.104  01-Jan-1992-02h30 AmaSorSed_substance   0.000000E+00
    0.104  01-Jan-1992-02h30 AmaSorSed_metabolite   0.000000E+00
    0.104  01-Jan-1992-02h30 AmaTraWatLay_substance   0.000000E+00
    0.104  01-Jan-1992-02h30 AmaTraWatLay_metabolite   0.000000E+00
    0.104  01-Jan-1992-02h30 AmaVolWatLay_substance   0.000000E+00
    0.104  01-Jan-1992-02h30 AmaVolWatLay_metabolite   0.000000E+00
    0.104  01-Jan-1992-02h30 AmaForWatLay_substance   0.000000E+00
    0.104  01-Jan-1992-02h30 AmaForWatLay_metabolite   0.000000E+00
    0.104  01-Jan-1992-02h30 AmaSedInWatLay_substance   0.000000E+00
    0.104  01-Jan-1992-02h30 AmaSedInWatLay_metabolite   0.000000E+00
    0.104  01-Jan-1992-02h30 AmaSedOutWatLay_substance   0.000000E+00
    0.104  01-Jan-1992-02h30 AmaSedOutWatLay_metabolite   0.000000E+00
    0.104  01-Jan-1992-02h30 AmaDwnWatLay_substance   0.000000E+00
    0.104  01-Jan-1992-02h30 AmaDwnWatLay_metabolite   0.000000E+00
    0.104  01-Jan-1992-02h30 AmaUpsWatLay_substance   0.000000E+00
    0.104  01-Jan-1992-02h30 AmaUpsWatLay_metabolite   0.000000E+00
    0.104  01-Jan-1992-02h30 AmaDrfWatLay_substance   0.000000E+00
    0.104  01-Jan-1992-02h30 AmaDrfWatLay_metabolite   0.000000E+00
    0.104  01-Jan-1992-02h30 AmaDraWatLay_substance   0.000000E+00
    0.104  01-Jan-1992-02h30 AmaDraWatLay_metabolite   0.000000E+00
    0.104  01-Jan-1992-02h30 AmaRnoWatLay_substance   0.000000E+00
    0.104  01-Jan-1992-02h30 AmaRnoWatLay_metabolite   0.000000E+00
    0.104  01-Jan-1992-02h30 AmaTraSed_substance   0.000000E+00
    0.104  01-Jan-1992-02h30 AmaTraSed_metabolite   0.000000E+00
    0.104  01-Jan-1992-02h30 AmaForSed_substance   0.000000E+00
    0.104  01-Jan-1992-02h30 AmaForSed_metabolite   0.000000E+00
    0.104  01-Jan-1992-02h30 AmaWatLayInSed_substance   0.000000E+00
    0.104  01-Jan-1992-02h30 AmaWatLayInSed_metabolite   0.000000E+00
    0.104  01-Jan-1992-02h30 AmaWatLayOutSed_substance   0.000000E+00
    0.104  01-Jan-1992-02h30 AmaWatLayOutSed_metabolite   0.000000E+00
    0.104  01-Jan-1992-02h30 AmaDwnSed_substance   0.000000E+00
    0.104  01-Jan-1992-02h30 AmaDwnSed_metabolite   0.000000E+00
    0.104  01-Jan-1992-02h30 AmaErsSed_substance   0.000000E+00
    0.104  01-Jan-1992-02h30 AmaErsSed_metabolite   0.000000E+00
    0.146  01-Jan-1992-03h30 QBou    0.430170E-03   0.450500E-03   0.470830E-03   0.491170E-03   0.511500E-03   0.531830E-03   0.552160E-03   0.572490E-03   0.592830E-03   0.613160E-03
    0.146  01-Jan-1992-03h30 DepWat    0.306180E+00   0.306180E+00   0.306180E+00   0.306180E+00   0.306180E+00   0.306180E+00   0.306180E+00   0.306180E+00   0.306180E+00   0.306180E+00
    0.146  01-Jan-1992-03h30 VvrLiqDra    0.733297E-04   0.733297E-04   0.733297E-04   0.733297E-04   0.733297E-04   0.733297E-04   0.733297E-04   0.733297E-04   0.733297E-04   0.733297E-04
    0.146  01-Jan-1992-03h30 VvrLiqRnf    0.000000E+00   0.000000E+00   0.000000E+00   0.000000E+00   0.000000E+00   0.000000E+00   0.000000E+00   0.000000E+00   0.000000E+00   0.000000E+00
    0.146  01-Jan-1992-03h30 FlmDra_substance    0.000000E+00   0.000000E+00   0.000000E+00   0.000000E+00   0.000000E+00   0.000000E+00   0.000000E+00   0.000000E+00   0.000000E+00   0.000000E+00
    0.146  01-Jan-1992-03h30 FlmDra_metabolite    0.000000E+00   0.000000E+00   0.000000E+00   0.000000E+00   0.000000E+00   0.000000E+00   0.000000E+00   0.000000E+00   0.000000E+00   0.000000E+00
    0.146  01-Jan-1992-03h30 FlmRnf_substance    0.000000E+00   0.000000E+00   0.000000E+00   0.000000E+00   0.000000E+00   0.000000E+00   0.000000E+00   0.000000E+00   0.000000E+00   0.000000E+00
    0.146  01-Jan-1992-03h30 FlmRnf_metabolite    0.000000E+00   0.000000E+00   0.000000E+00   0.000000E+00   0.000000E+00   0.000000E+00   0.000000E+00   0.000000E+00   0.000000E+00   0.000000E+00
    0.146  01-Jan-1992-03h30 FlmErs_substance    0.000000E+00   0.000000E+00   0.000000E+00   0.000000E+00   0.000000E+00   0.000000E+00   0.000000E+00   0.000000E+00   0.000000E+00   0.000000E+00
    0.146  01-Jan-1992-03h30 FlmErs_metabolite    0.000000E+00   0.000000E+00   0.000000E+00   0.000000E+00   0.000000E+00   0.000000E+00   0.000000E+00   0.000000E+00   0.000000E+00   0.000000E+00
    0.146  01-Jan-1992-03h30 ConLiqWatLay_substance    0.000000E+00   0.000000E+00   0.000000E+00   0.000000E+00   0.000000E+00   0.000000E+00   0.000000E+00   0.000000E+00   0.000000E+00   0.000000E+00
    0.146  01-Jan-1992-03h30 ConLiqWatLay_metabolite    0.000000E+00   0.000000E+00   0.000000E+00   0.000000E+00   0.000000E+00   0.000000E+00   0.000000E+00   0.000000E+00   0.000000E+00   0.000000E+00
    0.167  01-Jan-1992-04h00 ConLiqWatLayCur_substance    0.000000E+00   0.000000E+00   0.000000E+00   0.000000E+00   0.000000E+00   0.000000E+00   0.000000E+00   0.000000E+00   0.000000E+00   0.000000E+00
    0.167  01-Jan-1992-04h00 ConLiqWatLayCur_metabolite    0.000000E+00   0.000000E+00   0.000000E+00   0.000000E+00   0.000000E+00   0.000000E+00   0.000000E+00   0.000000E+00   0.000000E+00   0.000000E+00
    0.146  01-Jan-1992-03h30 ConSysSed_substance    1
    0.146  01-Jan-1992-03h30 ConSysSed_substance    2
    0.146  01-Jan-1992-03h30 ConSysSed_substance    3
    0.146  01-Jan-1992-03h30 ConSysSed_substance    4
    0.146  01-Jan-1992-03h30 ConSysSed_substance    5
    0.146  01-Jan-1992-03h30 ConSysSed_substance    6
    0.146  01-Jan-1992-03h30 ConSysSed_substance    7
    0.146  01-Jan-1992-03h30 ConSysSed_substance    8
    0.146  01-Jan-1992-03h30 ConSysSed_substance    9
    0.146  01-Jan-1992-03h30 ConSysSed_substance   10
    0.146  01-Jan-1992-03h30 ConSysSed_metabolite    1
    0.146  01-Jan-1992-03h30 ConSysSed_metabolite    2
    0.146  01-Jan-1992-03h30 ConSysSed_metabolite    3
    0.146  01-Jan-1992-03h30 ConSysSed_metabolite    4
    0.146  01-Jan-1992-03h30 ConSysSed_metabolite    5
    0.146  01-Jan-1992-03h30 ConSysSed_metabolite    6
    0.146  01-Jan-1992-03h30 ConSysSed_metabolite    7
    0.146  01-Jan-1992-03h30 ConSysSed_metabolite    8
    0.146  01-Jan-1992-03h30 ConSysSed_metabolite    9
    0.146  01-Jan-1992-03h30 ConSysSed_metabolite   10
    0.146  01-Jan-1992-03h30 CntSedTgt_substance    0.000000E+00   0.000000E+00   0.000000E+00   0.000000E+00   0.000000E+00   0.000000E+00   0.000000E+00   0.000000E+00   0.000000E+00   0.000000E+00
    0.146  01-Jan-1992-03h30 CntSedTgt_metabolite    0.000000E+00   0.000000E+00   0.000000E+00   0.000000E+00   0.000000E+00   0.000000E+00   0.000000E+00   0.000000E+00   0.000000E+00   0.000000E+00
    0.146  01-Jan-1992-03h30 AmaWatLay_substance   0.000000E+00
    0.146  01-Jan-1992-03h30 AmaWatLay_metabolite   0.000000E+00
    0.146  01-Jan-1992-03h30 AmaLiqWatLay_substance   0.000000E+00
    0.146  01-Jan-1992-03h30 AmaLiqWatLay_metabolite   0.000000E+00
    0.146  01-Jan-1992-03h30 AmaSorSusSol_substance   0.000000E+00
    0.146  01-Jan-1992-03h30 AmaSorSusSol_metabolite   0.000000E+00
    0.146  01-Jan-1992-03h30 AmaSorMph_substance   0.000000E+00
    0.146  01-Jan-1992-03h30 AmaSorMph_metabolite   0.000000E+00
    0.146  01-Jan-1992-03h30 AmaSed_substance   0.000000E+00
    0.146  01-Jan-1992-03h30 AmaSed_metabolite   0.000000E+00
    0.146  01-Jan-1992-03h30 AmaLiqSed_substance   0.000000E+00
    0.146  01-Jan-1992-03h30 AmaLiqSed_metabolite   0.000000E+00
    0.146  01-Jan-1992-03h30 AmaSorSed_substance   0.000000E+00
    0.146  01-Jan-1992-03h30 AmaSorSed_metabolite   0.000000E+00
    0.146  01-Jan-1992-03h30 AmaTraWatLay_substance   0.000000E+00
    0.146  01-Jan-1992-03h30 AmaTraWatLay_metabolite   0.000000E+00
    0.146  01-Jan-1992-03h30 AmaVolWatLay_substance   0.000000E+00
    0.146  01-Jan-1992-03h30 AmaVolWatLay_metabolite   0.000000E+00
    0.146  01-Jan-1992-03h30 AmaForWatLay_substance   0.000000E+00
    0.146  01-Jan-1992-03h30 AmaForWatLay_metabolite   0.000000E+00
    0.146  01-Jan-1992-03h30 AmaSedInWatLay_substance   0.000000E+00
    0.146  01-Jan-1992-03h30 AmaSedInWatLay_metabolite   0.000000E+00
    0.146  01-Jan-1992-03h30 AmaSedOutWatLay_substance   0.000000E+00
    0.146  01-Jan-1992-03h30 AmaSedOutWatLay_metabolite   0.000000E+00
    0.146  01-Jan-1992-03h30 AmaDwnWatLay_substance   0.000000E+00
    0.146  01-Jan-1992-03h30 AmaDwnWatLay_metabolite   0.000000E+00
    0.146  01-Jan-1992-03h30 AmaUpsWatLay_substance   0.000000E+00
    0.146  01-Jan-1992-03h30 AmaUpsWatLay_metabolite   0.000000E+00
    0.146  01-Jan-1992-03h30 AmaDrfWatLay_substance   0.000000E+00
    0.146  01-Jan-1992-03h30 AmaDrfWatLay_metabolite   0.000000E+00
    0.146  01-Jan-1992-03h30 AmaDraWatLay_substance   0.000000E+00
    0.146  01-Jan-1992-03h30 AmaDraWatLay_metabolite   0.000000E+00
    0.146  01-Jan-1992-03h30 AmaRnoWatLay_substance   0.000000E+00
    0.146  01-Jan-1992-03h30 AmaRnoWatLay_metabolite   0.000000E+00
    0.146  01-Jan-1992-03h30 AmaTraSed_substance   0.000000E+00
    0.146  01-Jan-1992-03h30 AmaTraSed_metabolite   0.000000E+00
    0.146  01-Jan-1992-03h30 AmaForSed_substance   0.000000E+00
    0.146  01-Jan-1992-03h30 AmaForSed_metabolite   0.000000E+00
    0.146  01-Jan-1992-03h30 AmaWatLayInSed_substance   0.000000E+00
    0.146  01-Jan-1992-03h30 AmaWatLayInSed_metabolite   0.000000E+00
    0.146  01-Jan-1992-03h30 AmaWatLayOutSed_substance   0.000000E+00
    0.146  01-Jan-1992-03h30 AmaWatLayOutSed_metabolite   0.000000E+00
    0.146  01-Jan-1992-03h30 AmaDwnSed_substance   0.000000E+00
    0.146  01-Jan-1992-03h30 AmaDwnSed_metabolite   0.000000E+00
    0.146  01-Jan-1992-03h30 AmaErsSed_substance   0.000000E+00
    0.146  01-Jan-1992-03h30 AmaErsSed_metabolite   0.000000E+00
    0.187  01-Jan-1992-04h30 QBou    0.432320E-03   0.452730E-03   0.473150E-03   0.493560E-03   0.513980E-03   0.534390E-03   0.554810E-03   0.575230E-03   0.595640E-03   0.616060E-03
    0.187  01-Jan-1992-04h30 DepWat    0.306200E+00   0.306200E+00   0.306200E+00   0.306200E+00   0.306200E+00   0.306200E+00   0.306200E+00   0.306200E+00   0.306200E+00   0.306200E+00
    0.187  01-Jan-1992-04h30 VvrLiqDra    0.737026E-04   0.737026E-04   0.737026E-04   0.737026E-04   0.737026E-04   0.737026E-04   0.737026E-04   0.737026E-04   0.737026E-04   0.737026E-04
    0.187  01-Jan-1992-04h30 VvrLiqRnf    0.000000E+00   0.000000E+00   0.000000E+00   0.000000E+00   0.000000E+00   0.000000E+00   0.000000E+00   0.000000E+00   0.000000E+00   0.000000E+00
    0.187  01-Jan-1992-04h30 FlmDra_substance    0.000000E+00   0.000000E+00   0.000000E+00   0.000000E+00   0.000000E+00   0.000000E+00   0.000000E+00   0.000000E+00   0.000000E+00   0.000000E+00
    0.187  01-Jan-1992-04h30 FlmDra_metabolite    0.000000E+00   0.000000E+00   0.000000E+00   0.000000E+00   0.000000E+00   0.000000E+00   0.000000E+00   0.000000E+00   0.000000E+00   0.000000E+00
    0.187  01-Jan-1992-04h30 FlmRnf_substance    0.000000E+00   0.000000E+00   0.000000E+00   0.000000E+00   0.000000E+00   0.000000E+00   0.000000E+00   0.000000E+00   0.000000E+00   0.000000E+00
    0.187  01-Jan-1992-04h30 FlmRnf_metabolite    0.000000E+00   0.000000E+00   0.000000E+00   0.000000E+00   0.000000E+00   0.000000E+00   0.000000E+00   0.000000E+00   0.000000E+00   0.000000E+00
    0.187  01-Jan-1992-04h30 FlmErs_substance    0.000000E+00   0.000000E+00   0.000000E+00   0.000000E+00   0.000000E+00   0.000000E+00   0.000000E+00   0.000000E+00   0.000000E+00   0.000000E+00
    0.187  01-Jan-1992-04h30 FlmErs_metabolite    0.000000E+00   0.000000E+00   0.000000E+00   0.000000E+00   0.000000E+00   0.000000E+00   0.000000E+00   0.000000E+00   0.000000E+00   0.000000E+00
    0.187  01-Jan-1992-04h30 ConLiqWatLay_substance    0.000000E+00   0.000000E+00   0.000000E+00   0.000000E+00   0.000000E+00   0.000000E+00   0.000000E+00   0.000000E+00   0.000000E+00   0.000000E+00
    0.187  01-Jan-1992-04h30 ConLiqWatLay_metabolite    0.000000E+00   0.000000E+00   0.000000E+00   0.000000E+00   0.000000E+00   0.000000E+00   0.000000E+00   0.000000E+00   0.000000E+00   0.000000E+00
    0.208  01-Jan-1992-05h00 ConLiqWatLayCur_substance    0.000000E+00   0.000000E+00   0.000000E+00   0.000000E+00   0.000000E+00   0.000000E+00   0.000000E+00   0.000000E+00   0.000000E+00   0.000000E+00
    0.208  01-Jan-1992-05h00 ConLiqWatLayCur_metabolite    0.000000E+00   0.000000E+00   0.000000E+00   0.000000E+00   0.000000E+00   0.000000E+00   0.000000E+00   0.000000E+00   0.000000E+00   0.000000E+00
    0.187  01-Jan-1992-04h30 ConSysSed_substance    1
    0.187  01-Jan-1992-04h30 ConSysSed_substance    2
    0.187  01-Jan-1992-04h30 ConSysSed_substance    3
    0.187  01-Jan-1992-04h30 ConSysSed_substance    4
    0.187  01-Jan-1992-04h30 ConSysSed_substance    5
    0.187  01-Jan-1992-04h30 ConSysSed_substance    6
    0.187  01-Jan-1992-04h30 ConSysSed_substance    7
    0.187  01-Jan-1992-04h30 ConSysSed_substance    8
    0.187  01-Jan-1992-04h30 ConSysSed_substance    9
    0.187  01-Jan-1992-04h30 ConSysSed_substance   10
    0.187  01-Jan-1992-04h30 ConSysSed_metabolite    1
    0.187  01-Jan-1992-04h30 ConSysSed_metabolite    2
    0.187  01-Jan-1992-04h30 ConSysSed_metabolite    3
    0.187  01-Jan-1992-04h30 ConSysSed_metabolite    4
    0.187  01-Jan-1992-04h30 ConSysSed_metabolite    5
    0.187  01-Jan-1992-04h30 ConSysSed_metabolite    6
    0.187  01-Jan-1992-04h30 ConSysSed_metabolite    7
    0.187  01-Jan-1992-04h30 ConSysSed_metabolite    8
    0.187  01-Jan-1992-04h30 ConSysSed_metabolite    9
    0.187  01-Jan-1992-04h30 ConSysSed_metabolite   10
    0.187  01-Jan-1992-04h30 CntSedTgt_substance    0.000000E+00   0.000000E+00   0.000000E+00   0.000000E+00   0.000000E+00   0.000000E+00   0.000000E+00   0.000000E+00   0.000000E+00   0.000000E+00
    0.187  01-Jan-1992-04h30 CntSedTgt_metabolite    0.000000E+00   0.000000E+00   0.000000E+00   0.000000E+00   0.000000E+00   0.000000E+00   0.000000E+00   0.000000E+00   0.000000E+00   0.000000E+00
    0.187  01-Jan-1992-04h30 AmaWatLay_substance   0.000000E+00
    0.187  01-Jan-1992-04h30 AmaWatLay_metabolite   0.000000E+00
    0.187  01-Jan-1992-04h30 AmaLiqWatLay_substance   0.000000E+00
    0.187  01-Jan-1992-04h30 AmaLiqWatLay_metabolite   0.000000E+00
    0.187  01-Jan-1992-04h30 AmaSorSusSol_substance   0.000000E+00
    0.187  01-Jan-1992-04h30 AmaSorSusSol_metabolite   0.000000E+00
    0.187  01-Jan-1992-04h30 AmaSorMph_substance   0.000000E+00
    0.187  01-Jan-1992-04h30 AmaSorMph_metabolite   0.000000E+00
    0.187  01-Jan-1992-04h30 AmaSed_substance   0.000000E+00
    0.187  01-Jan-1992-04h30 AmaSed_metabolite   0.000000E+00
    0.187  01-Jan-1992-04h30 AmaLiqSed_substance   0.000000E+00
    0.187  01-Jan-1992-04h30 AmaLiqSed_metabolite   0.000000E+00
    0.187  01-Jan-1992-04h30 AmaSorSed_substance   0.000000E+00
    0.187  01-Jan-1992-04h30 AmaSorSed_metabolite   0.000000E+00
    0.187  01-Jan-1992-04h30 AmaTraWatLay_substance   0.000000E+00
    0.187  01-Jan-1992-04h30 AmaTraWatLay_metabolite   0.000000E+00
    0.187  01-Jan-1992-04h30 AmaVolWatLay_substance   0.000000E+00
    0.187  01-Jan-1992-04h30 AmaVolWatLay_metabolite   0.000000E+00
    0.187  01-Jan-1992-04h30 AmaForWatLay_substance   0.000000E+00
    0.187  01-Jan-1992-04h30 AmaForWatLay_metabolite   0.000000E+00
    0.187  01-Jan-1992-04h30 AmaSedInWatLay_substance   0.000000E+00
    0.187  01-Jan-1992-04h30 AmaSedInWatLay_metabolite   0.000000E+00
    0.187  01-Jan-1992-04h30 AmaSedOutWatLay_substance   0.000000E+00
    0.187  01-Jan-1992-04h30 AmaSedOutWatLay_metabolite   0.000000E+00
    0.187  01-Jan-1992-04h30 AmaDwnWatLay_substance   0.000000E+00
    0.187  01-Jan-1992-04h30 AmaDwnWatLay_metabolite   0.000000E+00
    0.187  01-Jan-1992-04h30 AmaUpsWatLay_substance   0.000000E+00
    0.187  01-Jan-1992-04h30 AmaUpsWatLay_metabolite   0.000000E+00
    0.187  01-Jan-1992-04h30 AmaDrfWatLay_substance   0.000000E+00
    0.187  01-Jan-1992-04h30 AmaDrfWatLay_metabolite   0.000000E+00
    0.187  01-Jan-1992-04h30 AmaDraWatLay_substance   0.000000E+00
    0.187  01-Jan-1992-04h30 AmaDraWatLay_metabolite   0.000000E+00
    0.187  01-Jan-1992-04h30 AmaRnoWatLay_substance   0.000000E+00
    0.187  01-Jan-1992-04h30 AmaRnoWatLay_metabolite   0.000000E+00
    0.187  01-Jan-1992-04h30 AmaTraSed_substance   0.000000E+00
    0.187  01-Jan-1992-04h30 AmaTraSed_metabolite   0.000000E+00
    0.187  01-Jan-1992-04h30 AmaForSed_substance   0.000000E+00
    0.187  01-Jan-1992-04h30 AmaForSed_metabolite   0.000000E+00
    0.187  01-Jan-1992-04h30 AmaWatLayInSed_substance   0.000000E+00
    0.187  01-Jan-1992-04h30 AmaWatLayInSed_metabolite   0.000000E+00
    0.187  01-Jan-1992-04h30 AmaWatLayOutSed_substance   0.000000E+00
    0.187  01-Jan-1992-04h30 AmaWatLayOutSed_metabolite   0.000000E+00
    0.187  01-Jan-1992-04h30 AmaDwnSed_substance   0.000000E+00
    0.187  01-Jan-1992-04h30 AmaDwnSed_metabolite   0.000000E+00
    0.187  01-Jan-1992-04h30 AmaErsSed_substance   0.000000E+00
    0.187  01-Jan-1992-04h30 AmaErsSed_metabolite   0.000000E+00
 